============================= test session starts =============================
platform win32 -- Python 3.12.2, pytest-8.4.2, pluggy-1.6.0
rootdir: C:\Users\PMYLS\Desktop\sass-livekit
plugins: anyio-4.10.0, asyncio-1.2.0, mock-3.15.1
asyncio: mode=Mode.STRICT, debug=False, asyncio_default_fixture_loop_scope=None, asyncio_default_test_loop_scope=function
collected 0 items / 1 error

=================================== ERRORS ====================================
__________ ERROR collecting livekit/tests/test_workflow_executor.py ___________
ImportError while importing test module 'C:\Users\PMYLS\Desktop\sass-livekit\livekit\tests\test_workflow_executor.py'.
Hint: make sure your test modules/packages have valid Python names.
Traceback:
C:\Python312\Lib\importlib\__init__.py:90: in import_module
    return _bootstrap._gcd_import(name[level:], package, level)
           ^^^^^^^^^^^^^^^^^^^^^^^^^^^^^^^^^^^^^^^^^^^^^^^^^^^^
livekit\tests\test_workflow_executor.py:4: in <module>
    from services.workflow_executor import WorkflowExecutor
E   ModuleNotFoundError: No module named 'services'
=========================== short test summary info ===========================
ERROR livekit/tests/test_workflow_executor.py
!!!!!!!!!!!!!!!!!!! Interrupted: 1 error during collection !!!!!!!!!!!!!!!!!!!!
============================== 1 error in 0.21s ===============================
